<html>
<body>
<pre>
<h1>µVision Build Log</h1>
<h2>Tool Versions:</h2>
IDE-Version: µVision V5.39.0.0
Copyright (C) 2023 ARM Ltd and ARM Germany GmbH. All rights reserved.
License Information: Amirhosein Ghaffarian, Shahid Beheshti University, LIC=----
 
Tool Versions:
Toolchain:       MDK-Lite  Version: 5.39.0.0
Toolchain Path:  E:\Keil_v5\ARM\ARMCLANG\Bin
C Compiler:      ArmClang.exe V6.21
Assembler:       Armasm.exe V6.21
Linker/Locator:  ArmLink.exe V6.21
Library Manager: ArmAr.exe V6.21
Hex Converter:   FromElf.exe V6.21
CPU DLL:         SARMCM3.DLL V5.39.0.0
Dialog DLL:      DCM.DLL V1.17.5.0
Target DLL:      UL2CM3.DLL V1.164.9.0
Dialog DLL:      TCM.DLL V1.56.4.0
 
<h2>Project:</h2>
E:\STM32Projects\7segment\7segment.uvprojx
Project File Date:  03/05/2025

<h2>Output:</h2>
*** Using Compiler 'V6.21', folder: 'E:\Keil_v5\ARM\ARMCLANG\Bin'
Build target 'Target 1'
main.c(5): warning: a function declaration without a prototype is deprecated in all versions of C [-Wstrict-prototypes]
    5 | void delayHalfSecond() {
      |                     ^
      |                      void
main.c(5): warning: no previous prototype for function 'delayHalfSecond' [-Wmissing-prototypes]
    5 | void delayHalfSecond() {
      |      ^
main.c(5): note: declare 'static' if the function is not intended to be used outside of this translation unit
    5 | void delayHalfSecond() {
      | ^
      | static 
main.c(9): warning: a function declaration without a prototype is deprecated in all versions of C [-Wstrict-prototypes]
    9 | int main() {
      |         ^
      |          void
main.c(41): warning: implicit conversion changes signedness: 'int' to 'uint32_t' (aka 'unsigned int') [-Wsign-conversion]
   41 |     GPIOB->MODER &= ~(0xF << 6);
      |                  ~~ ^~~~~~~~~~~
main.c(93): warning: mixing declarations and code is incompatible with standards before C99 [-Wdeclaration-after-statement]
   93 |             int a = 0;
      |                 ^
main.c(110): warning: mixing declarations and code is incompatible with standards before C99 [-Wdeclaration-after-statement]
  110 |             int a = 0;
      |                 ^
main.c(135): warning: mixing declarations and code is incompatible with standards before C99 [-Wdeclaration-after-statement]
  135 |             int ones = counter % 10;
      |                 ^
main.c(148): warning: mixing declarations and code is incompatible with standards before C99 [-Wdeclaration-after-statement]
  148 |             int ones = counter % 10;
      |                 ^
main.c(155): warning: no newline at end of file [-Wnewline-eof]
  155 | }
      |  ^
main.c(137): warning: unsafe buffer access [-Wunsafe-buffer-usage]
  137 |             GPIOA->ODR = digit_map[ones];
      |                          ^~~~~~~~~
main.c(138): warning: unsafe buffer access [-Wunsafe-buffer-usage]
  138 |             GPIOB->ODR = digit_map[tens];
      |                          ^~~~~~~~~
main.c(150): warning: unsafe buffer access [-Wunsafe-buffer-usage]
  150 |             GPIOA->ODR = digit_map[ones];
      |                          ^~~~~~~~~
main.c(151): warning: unsafe buffer access [-Wunsafe-buffer-usage]
  151 |             GPIOB->ODR = digit_map[tens];
      |                          ^~~~~~~~~
13 warnings generated.
compiling main.c...
linking...
Program Size: Code=1412 RO-data=420 RW-data=0 ZI-data=1632  
FromELF: creating hex file...
".\Objects\7segment.axf" - 0 Error(s), 13 Warning(s).

<h2>Software Packages used:</h2>

Package Vendor: ARM
                http://www.keil.com/pack/ARM.CMSIS.5.9.0.pack
                ARM::CMSIS@5.9.0
                CMSIS (Common Microcontroller Software Interface Standard)
   * Component: CORE Version: 5.6.0

Package Vendor: Keil
                https://www.keil.com/pack/Keil.STM32F4xx_DFP.2.17.1.pack
                Keil::STM32F4xx_DFP@2.17.1
                STMicroelectronics STM32F4 Series Device Support, Drivers and Examples
   * Component: Startup Version: 2.6.3

<h2>Collection of Component include folders:</h2>
  ./RTE/_Target_1
  E:/Arm/Packs/ARM/CMSIS/5.9.0/CMSIS/Core/Include
  E:/Arm/Packs/Keil/STM32F4xx_DFP/2.17.1/Drivers/CMSIS/Device/ST/STM32F4xx/Include

<h2>Collection of Component Files used:</h2>

   * Component: ARM::CMSIS:CORE@5.6.0

   * Component: Keil::Device:Startup@2.6.3
      Source file:   MDK/Device/Source/ARM/STM32F401xx_OPT.s
      Source file:   MDK/Device/Source/ARM/STM32F4xx_OTP.s
      Include file:  Drivers/CMSIS/Device/ST/STM32F4xx/Include/stm32f4xx.h
      Source file:   Drivers/CMSIS/Device/ST/STM32F4xx/Source/Templates/arm/startup_stm32f401xe.s
      Source file:   Drivers/CMSIS/Device/ST/STM32F4xx/Source/Templates/system_stm32f4xx.c
Build Time Elapsed:  00:00:00
</pre>
</body>
</html>
